URL METHOD NOT FOUND. AVAILABLE METHODS:
getName
getLocale
getTitle
name
toString
SOURCES_HTTP=0
SOURCES_HTTPS=0
SOURCES_UNKNOWN=969
